2,4
8,10
12,14

track[0], 19 data:
0
1
11
22
33
2
3
4
11
22
33
5
11
22
33
6
7
8
9

track[0], 3 data:
11
22
33

