track[0], 2 data:
0
1
track[1], 3 data:
33
44
55
track[2], 8 data:
2
3
4
5
6
7
8
9

track[0], 2 data:
0
1
track[1], 1 data:
33
track[2], 2 data:
11
22
track[3], 2 data:
44
55
track[4], 8 data:
2
3
4
5
6
7
8
9

track[0], 2 data:
0
1
track[1], 1 data:
2
track[2], 2 data:
3
22
track[3], 2 data:
44
55
track[4], 8 data:
2
3
4
5
6
7
8
9

track[0], 2 data:
3
22
track[1], 1 data:
2
track[2], 2 data:
44
55
track[3], 1 data:
66

track[0], 10 data:
0
1
2
3
4
5
6
7
8
9

