track[0], 0 data:

track[0], 10 data:
0
1
2
3
4
5
6
7
8
9

0
1
2
3
4
5
6
7
8
9
