(nil)
0
(nil)
0
(nil)
(nil)

(nil)
0
(nil)
0
(nil)
(nil)

